exports[`test Renders Dropdown menu 1`] = `
<span
  className=""
  onClick={[Function]}>
  <span
    className={undefined}>
    <span
      className={undefined} />
    <svg
      className="regular">
      <use
        xlinkHref="#icon-arrow" />
    </svg>
  </span>
  <div
    className={undefined}>
    <ul>
      <li
        className=""
        onClick={[Function]}>
        First item
      </li>
      <li
        className=""
        onClick={[Function]}>
        Second item
      </li>
    </ul>
  </div>
</span>
`;

exports[`test Toggle Dropdown menu 1`] = `
<span
  className=""
  onClick={[Function]}>
  <span
    className={undefined}>
    <span
      className={undefined} />
    <svg
      className="regular">
      <use
        xlinkHref="#icon-arrow" />
    </svg>
  </span>
  <div
    className={undefined}>
    <ul>
      <li
        className=""
        onClick={[Function]}>
        First item
      </li>
      <li
        className=""
        onClick={[Function]}>
        Second item
      </li>
    </ul>
  </div>
</span>
`;
